gh の書き込み系サブコマンドの本文ファイルを読めなかったため、gh を実行しませんでした。

実行しようとしたコマンド:
  gh pr comment -R foo/bar 1 --body-file {{BODY_DIR}}/unreadable.md

読めなかった本文ファイル: --body-file {{BODY_DIR}}/unreadable.md
理由: 読み取り権限がありません

理由の詳細:
  本文を読めないと、素の #N の項番・引用された closing keyword を走査できません。
  gh 自身も本文ファイルを読めなければ API に触れる前にエラー終了するため、ここで
  ブロックしても、成功したはずのコマンドが失われることはありません。

対処:
  1. 本文をまだ書いていない場合: 先にファイルへ Write してから再実行する
  2. パスが違う場合: パスを確認して再実行する（相対パスは現在の作業ディレクトリ基準）
  3. 標準入力から本文を渡す場合: --body-file - を使う
     （stdin は shim が読むと gh の分を消費するため、走査を諦めて素通しします）
