Blocked: the body file could not be read, so gh was not run.

  command:   gh pr comment -R foo/bar 1 --body-file {{BODY_DIR}}/unreadable.md
  body file: --body-file {{BODY_DIR}}/unreadable.md
  reason:    no read permission

Without the body, the scan for bare #N numbering and for a quoted closing
keyword cannot run. gh itself exits before touching the API when it cannot read
the file, so blocking here loses no command that would otherwise have
succeeded.

Fix: write the body to the file if it is not written yet, or check the path
and run again — a relative one resolves against the working directory. To
pass the body on standard input use --body-file -; the shim leaves that alone,
because reading stdin here would consume what gh is meant to read.
