gh の書き込み系サブコマンドで複数行の本文を --notes/-n で渡すことは禁止しています。

実行しようとしたコマンド:
  gh release create v1 -R foo/bar --title v1 --notes $'line1\nline2'

理由:
  --notes "$(...)" と HEREDOC を組み合わせると引用符レイヤが重なり、
  誤ったエスケープ（バッククォート前の不要なバックスラッシュ等）が
  そのまま本文に残る事故が起きます。

対処:
  1. 本文を一時ファイル（scratchpad 等）に Write で書き出す
  2. --notes の代わりに --notes-file <path> を指定して再実行する
       例: gh release create -R owner/repo ... --notes-file /path/to/body.md
