Blocked: this gh write subcommand does not name the repository it targets.

  command:           gh repo edit --description x
  unnamed target:    gh repo edit
  working directory: {{CWD}}
  origin remote:     {{REMOTE}}

Left as it is, gh resolves the target from the working directory, so the origin
above (or whatever remote gh settles on) is what gets written to. Having cd'd
into another repository to look at something is enough to send the issue or the
pull request there instead.

Fix: name the repository in a positional argument and run again.
  gh repo edit owner/repo ...
The form is OWNER/REPO, HOST/OWNER/REPO or a repository URL. A bare REPO
names nothing, because gh completes it with the authenticated user.

gh repo edit has no -R/--repo and ignores the environment, so the
positional is the only way; it may come before or after the flags.
