Blocked: this gh api call replies to or resolves a review thread.

  command:  gh api graphql -f query=mutation\ \{\ resolveReviewThread\(input:\{threadId:\"x\"\}\)\ \{\ thread\ \{\ isResolved\ \}\ \}\ \}
  mutation: resolveReviewThread

A reply and a resolve are the two irreversible things done to a review thread,
and both address it by an opaque id that nothing on this command line checks.
One copied from the thread above the one it was meant for put a reply on the
wrong thread; another, typed outside any skill, left two threads open for a day
because nothing resolved them afterwards.

Fix: reply and resolve through ccx pr reply-threads, which names a thread by
its path and its line, resolves that against the threads of the pull request,
and refuses an id belonging to another one:
  ccx pr context <out-dir>      # the threads, and whose move each one is
  ccx pr reply-threads --help   # what the threads file holds
On a pull request that is not ours it handles only the threads we opened; for
the rest the routes are the GitHub UI and an interactive shell.

ccx is not affected by this guard. It talks to GitHub in process, through
go-gh's client and gh's own credentials, and never execs gh.
