Blocked: this gh write subcommand does not name the repository it targets.

  command:           gh issue create --title x --body y
  unnamed target:    gh issue create
  working directory: {{CWD}}
  origin remote:     {{REMOTE}}

Left as it is, gh resolves the target from the working directory, so the origin
above (or whatever remote gh settles on) is what gets written to. Having cd'd
into another repository to look at something is enough to send the issue or the
pull request there instead.

Fix: name the repository with -R owner/repo and run again.
  gh issue create -R owner/repo ...
create takes no selector, so there is no URL form that names the repository
here.

Even when the current directory's remote is certainly the right one, pass the
value from
  gh repo view --json nameWithOwner -q .nameWithOwner
to -R rather than leaving it implicit.
