gh の書き込み系サブコマンドは、対象リポジトリをコマンド上で明示することを必須としています。

実行しようとしたコマンド:
  gh repo edit --description x

明示が確認できなかった箇所: gh repo edit
現在の作業ディレクトリ: {{CWD}}
現在の origin remote: {{REMOTE}}

このまま実行すると、上記の origin (もしくは gh が解決する remote) が対象になります。
別リポジトリの調査中などに cwd を取り違えると、意図しないリポジトリに書き込みが行われます。

対処:
  1. 対象リポジトリを位置引数で明示して再実行する
       例: gh repo edit owner/repo ...
     形式は OWNER/REPO・HOST/OWNER/REPO・リポジトリ URL のいずれかです。
     bare な REPO は gh が認証ユーザーで補完するため明示になりません。
  2. gh repo edit に -R/--repo はなく、環境変数によるリポジトリ指定も効きません。
     位置引数はフラグより前でも後ろでも構いません。
